// 重构日志: 7e14a3f3
// 重构日志: e42e3d47
// 重构日志: 1a380b2b
// 同步 ID: ff0ff2da @ Sun Jul 12 00:30:21 UTC 2026
// 同步 ID: 889815c0 @ Sun Jul 12 07:43:22 UTC 2026
// 重构日志: d57348a9
// 同步 ID: d156f6dc @ Sun Jul 12 14:16:14 UTC 2026
// 同步 ID: 4d3c2c75 @ Mon Jul 13 16:06:40 UTC 2026
// 重构日志: fef2785a
// 重构日志: 7136612d
// 重构日志: 1b61951c
// 重构日志: 71b1cb56
// 重构日志: 8fdb6a2a
// 同步 ID: 8808f651 @ Fri Jul 17 10:09:32 UTC 2026
// 重构日志: b34cd7f9
// 重构日志: 66af3dd5
// 重构日志: f55fc6d8
// 重构日志: bcfd890b
// 重构日志: 240b9525
// 重构日志: 942eabc4
// 同步 ID: dab611bc @ Wed Jul 22 10:24:47 UTC 2026
// 同步 ID: b2f08687 @ Wed Jul 22 12:22:40 UTC 2026
// 同步 ID: dbe0a514 @ Wed Jul 22 14:43:26 UTC 2026
// 重构日志: 13653058
// 重构日志: 8441ebd9
// 重构日志: d368560f
// 重构日志: d67ae8fa
// 重构日志: dc6b4e3c
// 重构日志: 54c67a1d
// 同步 ID: 0f4cb463 @ Sun Jul 26 16:53:10 UTC 2026
// 重构日志: 9f3ca806
// 重构日志: a912f8d2
// 重构日志: 13743e2c
// 重构日志: 61247fa3
// 重构日志: 4f934449
// 重构日志: 912e110b
// 重构日志: a90a73f8
// 重构日志: 2c5e2518
